// Jest Snapshot v1, https://goo.gl/fbAQLP

exports[`Tooltip render DOM structure 1`] = `
<DocumentFragment>
  <div
    class="widget-tooltip widget-tooltip-right"
  >
    <div
      aria-describedby=":r0:"
      class="widget-tooltip-trigger"
    >
      <div
        data-testid="tooltip-trigger"
        tabindex="0"
      >
        Trigger
      </div>
    </div>
  </div>
</DocumentFragment>
`;
